// Jest Snapshot v1, https://goo.gl/fbAQLP

exports[`renderRegulatoryAnalyticsPage renders summary grid and chart containers 1`] = `
"
            <div class="summary-card">
              <div class="summary-card-header">
                <span class="summary-card-label">Total Publications</span>
                <div class="summary-card-icon" style="background: #eff6ff;">
                  <svg xmlns="http://www.w3.org/2000/svg" viewBox="0 0 24 24" fill="none" stroke="#3b82f6" stroke-width="2">
                    <rect x="3" y="3" width="18" height="18" rx="2"></rect>
                    <path d="M9 9h6M9 13h6M9 17h4"></path>
                  </svg>
                </div>
              </div>
              <div class="summary-card-value">2</div>
              <div class="summary-card-change neutral">All time</div>
            </div>

            <div class="summary-card">
              <div class="summary-card-header">
                <span class="summary-card-label">Last 30 Days</span>
                <div class="summary-card-icon" style="background: #f0fdf4;">
                  <svg xmlns="http://www.w3.org/2000/svg" viewBox="0 0 24 24" fill="none" stroke="#10b981" stroke-width="2">
                    <rect x="3" y="4" width="18" height="18" rx="2"></rect>
                    <line x1="16" y1="2" x2="16" y2="6"></line>
                    <line x1="8" y1="2" x2="8" y2="6"></line>
                    <line x1="3" y1="10" x2="21" y2="10"></line>
                  </svg>
                </div>
              </div>
              <div class="summary-card-value">0</div>
              <div class="summary-card-change positive">
                +0% vs prev 30d
              </div>
            </div>

            <div class="summary-card">
              <div class="summary-card-header">
                <span class="summary-card-label">High Impact</span>
                <div class="summary-card-icon" style="background: #fef2f2;">
                  <svg xmlns="http://www.w3.org/2000/svg" viewBox="0 0 24 24" fill="none" stroke="#ef4444" stroke-width="2">
                    <path d="M10.29 3.86L1.82 18a2 2 0 001.71 3h16.94a2 2 0 001.71-3L13.71 3.86a2 2 0 00-3.42 0z"></path>
                    <line x1="12" y1="9" x2="12" y2="13"></line>
                    <line x1="12" y1="17" x2="12.01" y2="17"></line>
                  </svg>
                </div>
              </div>
              <div class="summary-card-value">1</div>
              <div class="summary-card-change neutral">Requires attention</div>
            </div>

            <div class="summary-card">
              <div class="summary-card-header">
                <span class="summary-card-label">Active Regulators</span>
                <div class="summary-card-icon" style="background: #f5f3ff;">
                  <svg xmlns="http://www.w3.org/2000/svg" viewBox="0 0 24 24" fill="none" stroke="#8b5cf6" stroke-width="2">
                    <path d="M12 4 4.5 7.5v11h15v-11L12 4z"></path>
                    <path d="M7.5 10.5v6M12 10.5v6M16.5 10.5v6"></path>
                  </svg>
                </div>
              </div>
              <div class="summary-card-value">2</div>
              <div class="summary-card-change neutral">Publishing content</div>
            </div>
          "
`;
